
=== EOS: agent_platform+research_workbench @mvp [GATE] ===
[enforce]    must_have honored: True  must_not honored: True
[policy-deps] generated routes require: account_deletion, auth_routes, data_export, jwt_manager, session_manager, users (force-included)
[resolve]    materialized -> builds/t4-workbench/app  (48 parts, 17 py deps, +DOMAIN.md, +LESSONS.md (19))
[runtime]    bundled scrapyard/runtime (settings, database, lifespan, startup)
[models]     generated 5 entities -> builds/t4-workbench/app\scrapyard\models/  (models, schemas, services, routes)  [security: moderate — 5/5 entities protected via explicit policies]: ResearchDoc, Note, Experiment, Run, Tag
[frontend]   generated SPA -> frontend/index.html (served at /app)
[wire]       wrote main.py (runtime.bootstrap: settings+db+lifecycle+routers+headers + auth + frontend)
[closure]    +8 module(s) the graph missed: scrapyard.admin.audit_logs, scrapyard.api.domain_errors, scrapyard.authorization.permissions, scrapyard.authorization.roles, scrapyard.observability.metrics, scrapyard.security.crypto_agility, scrapyard.security.pq_signing, scrapyard.security.row_level_security
[report]     5 entities · 1 FK relationship(s) · 3 workflow(s) -> BUILD_REPORT.md + build_report.json
[legal]      wrote PRIVACY_POLICY.md + TERMS_OF_SERVICE.md (templates — require legal review)
[review]     validation pass + fitness: FIT
[cost]       wrote COST.md (3 cost drivers)
[ops-reason] External dependencies in play: db_session, llm_client, smtp_provider
[verify]     => VERIFIED (21 behaviors proven, 0 failed)
[metadata]   5 entities probed · 5 fully green (auth=session) -> PROBE_METADATA.md + probe_metadata.json
[workflows]  4 verified, 0 blocked (stubs), 0 failed
[capabilities] wrote CAPABILITIES.md (endpoints + required config + honest fallbacks)
[runnable]   PASS: generated eos app is runnable (boots from its own files, health, feature routes)

=== DONE -> builds/t4-workbench/app ===
  validation=FAIL  fitness=FIT  impl_behavior_checks=passed  confidence=0.79  parts=46  must_have=ok  must_not=ok
