  [PASS] health
  [PASS] register+login A
  [PASS] register+login B
  [PASS] duplicate registration rejected
  [PASS] auth/me
  [PASS] entities discovered
  [PASS] create /tenancies
  [PASS] create /evidence_shots
  [PASS] create /deductions
  [PASS] create /dispute_letters
  [PASS] read /tenancies/1
  [PASS] list /tenancies
  [PASS] ownership: B blocked from A's /tenancies
  [PASS] anon blocked /tenancies
  [PASS] read /evidence_shots/1
  [PASS] list /evidence_shots
  [PASS] ownership: B blocked from A's /evidence_shots
  [PASS] anon blocked /evidence_shots
  [PASS] read /deductions/1
  [PASS] list /deductions
  [PASS] ownership: B blocked from A's /deductions
  [PASS] anon blocked /deductions
  [PASS] read /dispute_letters/1
  [PASS] list /dispute_letters
  [PASS] ownership: B blocked from A's /dispute_letters
  [PASS] anon blocked /dispute_letters
  [PASS] update /tenancies/1
  [PASS] missing record -> 404
  [PASS] malformed payload rejected
  [PASS] delete /tenancies/1
  [PASS] deleted record gone
  [PASS] logout
  [PASS] stale session rejected after logout
SMOKE: 33/33 passed -> builds/sc-deposit/smoke_results.json
