#0 building with "desktop-linux" instance using docker driver

#1 [internal] load build definition from Dockerfile
#1 transferring dockerfile: 679B done
#1 DONE 0.0s

#2 [internal] load metadata for docker.io/library/python:3.12-slim
#2 DONE 0.2s

#3 [internal] load .dockerignore
#3 transferring context: 114B done
#3 DONE 0.0s

#4 [1/6] FROM docker.io/library/python:3.12-slim@sha256:2c941e860699f878900b0edc2403613c234d4b32eda3cc9fa7036991a2a63c4a
#4 resolve docker.io/library/python:3.12-slim@sha256:2c941e860699f878900b0edc2403613c234d4b32eda3cc9fa7036991a2a63c4a 0.0s done
#4 DONE 0.0s

#5 [internal] load build context
#5 transferring context: 1.25MB 0.1s done
#5 DONE 0.1s

#6 [2/6] WORKDIR /app
#6 CACHED

#7 [3/6] COPY requirements.txt .
#7 DONE 0.2s

#8 [4/6] RUN pip install --no-cache-dir -r requirements.txt
#8 0.906 Collecting alembic (from -r requirements.txt (line 1))
#8 0.950   Downloading alembic-1.19.1-py3-none-any.whl.metadata (7.3 kB)
#8 0.968 Collecting bleach (from -r requirements.txt (line 2))
#8 0.978   Downloading bleach-6.4.0-py3-none-any.whl.metadata (32 kB)
#8 1.137 Collecting cryptography (from -r requirements.txt (line 3))
#8 1.149   Downloading cryptography-50.0.0-cp311-abi3-manylinux_2_34_x86_64.whl.metadata (4.3 kB)
#8 1.162 Collecting dilithium-py (from -r requirements.txt (line 4))
#8 1.181   Downloading dilithium_py-1.4.0-py3-none-any.whl.metadata (20 kB)
#8 1.206 Collecting email-validator (from -r requirements.txt (line 5))
#8 1.218   Downloading email_validator-2.3.0-py3-none-any.whl.metadata (26 kB)
#8 1.264 Collecting fastapi (from -r requirements.txt (line 6))
#8 1.275   Downloading fastapi-0.141.1-py3-none-any.whl.metadata (27 kB)
#8 1.297 Collecting jinja2 (from -r requirements.txt (line 7))
#8 1.309   Downloading jinja2-3.1.6-py3-none-any.whl.metadata (2.9 kB)
#8 1.322 Collecting kyber-py (from -r requirements.txt (line 8))
#8 1.334   Downloading kyber_py-1.2.0-py3-none-any.whl.metadata (14 kB)
#8 1.354 Collecting markdown (from -r requirements.txt (line 9))
#8 1.365   Downloading markdown-3.10.3-py3-none-any.whl.metadata (5.1 kB)
#8 1.415 Collecting psycopg2-binary (from -r requirements.txt (line 11))
#8 1.427   Downloading psycopg2_binary-2.9.12-cp312-cp312-manylinux2014_x86_64.manylinux_2_17_x86_64.whl.metadata (4.9 kB)
#8 1.507 Collecting pydantic (from -r requirements.txt (line 12))
#8 1.522   Downloading pydantic-2.13.4-py3-none-any.whl.metadata (109 kB)
#8 1.560 Collecting pydantic-settings (from -r requirements.txt (line 13))
#8 1.571   Downloading pydantic_settings-2.15.0-py3-none-any.whl.metadata (3.9 kB)
#8 1.590 Collecting pyjwt (from -r requirements.txt (line 15))
#8 1.601   Downloading pyjwt-2.13.0-py3-none-any.whl.metadata (3.4 kB)
#8 1.630 Collecting redis (from -r requirements.txt (line 16))
#8 1.642   Downloading redis-8.1.0-py3-none-any.whl.metadata (16 kB)
#8 1.851 Collecting sqlalchemy (from -r requirements.txt (line 17))
#8 1.864   Downloading sqlalchemy-2.0.52-cp312-cp312-manylinux2014_x86_64.manylinux_2_17_x86_64.manylinux_2_28_x86_64.whl.metadata (9.6 kB)
#8 1.929 Collecting stripe (from -r requirements.txt (line 18))
#8 1.941   Downloading stripe-15.5.0-py3-none-any.whl.metadata (18 kB)
#8 1.971 Collecting uvicorn (from -r requirements.txt (line 19))
#8 1.982   Downloading uvicorn-0.52.3-py3-none-any.whl.metadata (6.6 kB)
#8 2.015 Collecting httpx (from -r requirements.txt (line 20))
#8 2.028   Downloading httpx-0.28.1-py3-none-any.whl.metadata (7.1 kB)
#8 2.044 Collecting passlib[argon2] (from -r requirements.txt (line 10))
#8 2.056   Downloading passlib-1.7.4-py2.py3-none-any.whl.metadata (1.7 kB)
#8 2.078 Collecting Mako (from alembic->-r requirements.txt (line 1))
#8 2.090   Downloading mako-1.4.1-py3-none-any.whl.metadata (2.9 kB)
#8 2.108 Collecting typing-extensions>=4.12 (from alembic->-r requirements.txt (line 1))
#8 2.120   Downloading typing_extensions-4.16.0-py3-none-any.whl.metadata (3.3 kB)
#8 2.133 Collecting webencodings (from bleach->-r requirements.txt (line 2))
#8 2.144   Downloading webencodings-0.6.1-py3-none-any.whl.metadata (3.4 kB)
#8 2.227 Collecting cffi>=2.0.0 (from cryptography->-r requirements.txt (line 3))
#8 2.238   Downloading cffi-2.1.1-cp312-cp312-manylinux2014_x86_64.manylinux_2_17_x86_64.whl.metadata (2.5 kB)
#8 2.256 Collecting dnspython>=2.0.0 (from email-validator->-r requirements.txt (line 5))
#8 2.268   Downloading dnspython-2.8.0-py3-none-any.whl.metadata (5.7 kB)
#8 2.285 Collecting idna>=2.0.0 (from email-validator->-r requirements.txt (line 5))
#8 2.296   Downloading idna-3.18-py3-none-any.whl.metadata (6.1 kB)
#8 2.325 Collecting starlette>=0.46.0 (from fastapi->-r requirements.txt (line 6))
#8 2.335   Downloading starlette-1.6.0-py3-none-any.whl.metadata (6.4 kB)
#8 2.356 Collecting typing-inspection>=0.4.2 (from fastapi->-r requirements.txt (line 6))
#8 2.367   Downloading typing_inspection-0.4.4-py3-none-any.whl.metadata (2.6 kB)
#8 2.379 Collecting annotated-doc>=0.0.2 (from fastapi->-r requirements.txt (line 6))
#8 2.392   Downloading annotated_doc-0.0.5-py3-none-any.whl.metadata (6.5 kB)
#8 2.433 Collecting MarkupSafe>=2.0 (from jinja2->-r requirements.txt (line 7))
#8 2.444   Downloading markupsafe-3.0.3-cp312-cp312-manylinux2014_x86_64.manylinux_2_17_x86_64.manylinux_2_28_x86_64.whl.metadata (2.7 kB)
#8 2.467 Collecting argon2-cffi>=18.2.0 (from passlib[argon2]->-r requirements.txt (line 10))
#8 2.478   Downloading argon2_cffi-25.1.0-py3-none-any.whl.metadata (4.1 kB)
#8 2.492 Collecting annotated-types>=0.6.0 (from pydantic->-r requirements.txt (line 12))
#8 2.503   Downloading annotated_types-0.8.0-py3-none-any.whl.metadata (15 kB)
#8 3.024 Collecting pydantic-core==2.46.4 (from pydantic->-r requirements.txt (line 12))
#8 3.035   Downloading pydantic_core-2.46.4-cp312-cp312-manylinux_2_17_x86_64.manylinux2014_x86_64.whl.metadata (6.6 kB)
#8 3.062 Collecting python-dotenv>=0.21.0 (from pydantic-settings->-r requirements.txt (line 13))
#8 3.072   Downloading python_dotenv-1.2.3-py3-none-any.whl.metadata (29 kB)
#8 3.187 Collecting greenlet>=1 (from sqlalchemy->-r requirements.txt (line 17))
#8 3.198   Downloading greenlet-3.5.5-cp312-cp312-manylinux_2_24_x86_64.manylinux_2_28_x86_64.whl.metadata (3.8 kB)
#8 3.226 Collecting requests>=2.20 (from stripe->-r requirements.txt (line 18))
#8 3.236   Downloading requests-2.34.2-py3-none-any.whl.metadata (4.8 kB)
#8 3.255 Collecting click>=7.0 (from uvicorn->-r requirements.txt (line 19))
#8 3.267   Downloading click-8.4.2-py3-none-any.whl.metadata (2.6 kB)
#8 3.280 Collecting h11>=0.8 (from uvicorn->-r requirements.txt (line 19))
#8 3.291   Downloading h11-0.16.0-py3-none-any.whl.metadata (8.3 kB)
#8 3.314 Collecting anyio (from httpx->-r requirements.txt (line 20))
#8 3.325   Downloading anyio-4.14.2-py3-none-any.whl.metadata (4.6 kB)
#8 3.346 Collecting certifi (from httpx->-r requirements.txt (line 20))
#8 3.358   Downloading certifi-2026.7.22-py3-none-any.whl.metadata (2.5 kB)
#8 3.380 Collecting httpcore==1.* (from httpx->-r requirements.txt (line 20))
#8 3.391   Downloading httpcore-1.0.9-py3-none-any.whl.metadata (21 kB)
#8 3.411 Collecting argon2-cffi-bindings (from argon2-cffi>=18.2.0->passlib[argon2]->-r requirements.txt (line 10))
#8 3.423   Downloading argon2_cffi_bindings-25.1.0-cp39-abi3-manylinux_2_26_x86_64.manylinux_2_28_x86_64.whl.metadata (7.4 kB)
#8 3.437 Collecting pycparser (from cffi>=2.0.0->cryptography->-r requirements.txt (line 3))
#8 3.447   Downloading pycparser-3.0-py3-none-any.whl.metadata (8.2 kB)
#8 3.543 Collecting charset_normalizer<4,>=2 (from requests>=2.20->stripe->-r requirements.txt (line 18))
#8 3.553   Downloading charset_normalizer-3.5.1-cp312-cp312-manylinux2014_x86_64.manylinux_2_17_x86_64.manylinux_2_28_x86_64.whl.metadata (45 kB)
#8 3.589 Collecting urllib3<3,>=1.26 (from requests>=2.20->stripe->-r requirements.txt (line 18))
#8 3.599   Downloading urllib3-2.7.0-py3-none-any.whl.metadata (6.9 kB)
#8 3.635 Downloading alembic-1.19.1-py3-none-any.whl (265 kB)
#8 3.686 Downloading bleach-6.4.0-py3-none-any.whl (165 kB)
#8 3.721 Downloading cryptography-50.0.0-cp311-abi3-manylinux_2_34_x86_64.whl (4.7 MB)
#8 4.508    ━━━━━━━━━━━━━━━━━━━━━━━━━━━━━━━━━━━━━━━━ 4.7/4.7 MB 6.0 MB/s eta 0:00:00
#8 4.520 Downloading dilithium_py-1.4.0-py3-none-any.whl (39 kB)
#8 4.539 Downloading email_validator-2.3.0-py3-none-any.whl (35 kB)
#8 4.557 Downloading fastapi-0.141.1-py3-none-any.whl (131 kB)
#8 4.612 Downloading jinja2-3.1.6-py3-none-any.whl (134 kB)
#8 4.656 Downloading kyber_py-1.2.0-py3-none-any.whl (33 kB)
#8 4.672 Downloading markdown-3.10.3-py3-none-any.whl (110 kB)
#8 4.700 Downloading psycopg2_binary-2.9.12-cp312-cp312-manylinux2014_x86_64.manylinux_2_17_x86_64.whl (4.3 MB)
#8 5.486    ━━━━━━━━━━━━━━━━━━━━━━━━━━━━━━━━━━━━━━━━ 4.3/4.3 MB 5.5 MB/s eta 0:00:00
#8 5.497 Downloading pydantic-2.13.4-py3-none-any.whl (472 kB)
#8 5.581 Downloading pydantic_core-2.46.4-cp312-cp312-manylinux_2_17_x86_64.manylinux2014_x86_64.whl (2.1 MB)
#8 5.903    ━━━━━━━━━━━━━━━━━━━━━━━━━━━━━━━━━━━━━━━━ 2.1/2.1 MB 6.7 MB/s eta 0:00:00
#8 5.914 Downloading pydantic_settings-2.15.0-py3-none-any.whl (69 kB)
#8 5.937 Downloading pyjwt-2.13.0-py3-none-any.whl (31 kB)
#8 5.952 Downloading redis-8.1.0-py3-none-any.whl (560 kB)
#8 6.045    ━━━━━━━━━━━━━━━━━━━━━━━━━━━━━━━━━━━━━━━━ 560.6/560.6 kB 7.2 MB/s eta 0:00:00
#8 6.062 Downloading sqlalchemy-2.0.52-cp312-cp312-manylinux2014_x86_64.manylinux_2_17_x86_64.manylinux_2_28_x86_64.whl (3.4 MB)
#8 6.563    ━━━━━━━━━━━━━━━━━━━━━━━━━━━━━━━━━━━━━━━━ 3.4/3.4 MB 6.8 MB/s eta 0:00:00
#8 6.575 Downloading stripe-15.5.0-py3-none-any.whl (2.2 MB)
#8 6.908    ━━━━━━━━━━━━━━━━━━━━━━━━━━━━━━━━━━━━━━━━ 2.2/2.2 MB 6.6 MB/s eta 0:00:00
#8 6.918 Downloading uvicorn-0.52.3-py3-none-any.whl (79 kB)
#8 6.940 Downloading httpx-0.28.1-py3-none-any.whl (73 kB)
#8 6.964 Downloading httpcore-1.0.9-py3-none-any.whl (78 kB)
#8 6.985 Downloading annotated_doc-0.0.5-py3-none-any.whl (5.3 kB)
#8 6.997 Downloading annotated_types-0.8.0-py3-none-any.whl (13 kB)
#8 7.010 Downloading argon2_cffi-25.1.0-py3-none-any.whl (14 kB)
#8 7.021 Downloading cffi-2.1.1-cp312-cp312-manylinux2014_x86_64.manylinux_2_17_x86_64.whl (221 kB)
#8 7.065 Downloading click-8.4.2-py3-none-any.whl (119 kB)
#8 7.094 Downloading dnspython-2.8.0-py3-none-any.whl (331 kB)
#8 7.153 Downloading greenlet-3.5.5-cp312-cp312-manylinux_2_24_x86_64.manylinux_2_28_x86_64.whl (621 kB)
#8 7.242    ━━━━━━━━━━━━━━━━━━━━━━━━━━━━━━━━━━━━━━━━ 621.4/621.4 kB 7.4 MB/s eta 0:00:00
#8 7.252 Downloading h11-0.16.0-py3-none-any.whl (37 kB)
#8 7.269 Downloading idna-3.18-py3-none-any.whl (65 kB)
#8 7.291 Downloading markupsafe-3.0.3-cp312-cp312-manylinux2014_x86_64.manylinux_2_17_x86_64.manylinux_2_28_x86_64.whl (22 kB)
#8 7.305 Downloading python_dotenv-1.2.3-py3-none-any.whl (22 kB)
#8 7.317 Downloading requests-2.34.2-py3-none-any.whl (73 kB)
#8 7.337 Downloading certifi-2026.7.22-py3-none-any.whl (136 kB)
#8 7.369 Downloading starlette-1.6.0-py3-none-any.whl (75 kB)
#8 7.396 Downloading anyio-4.14.2-py3-none-any.whl (125 kB)
#8 7.423 Downloading typing_extensions-4.16.0-py3-none-any.whl (45 kB)
#8 7.440 Downloading typing_inspection-0.4.4-py3-none-any.whl (14 kB)
#8 7.451 Downloading mako-1.4.1-py3-none-any.whl (80 kB)
#8 7.475 Downloading passlib-1.7.4-py2.py3-none-any.whl (525 kB)
#8 7.554    ━━━━━━━━━━━━━━━━━━━━━━━━━━━━━━━━━━━━━━━━ 525.6/525.6 kB 7.5 MB/s eta 0:00:00
#8 7.564 Downloading webencodings-0.6.1-py3-none-any.whl (8.7 kB)
#8 7.578 Downloading charset_normalizer-3.5.1-cp312-cp312-manylinux2014_x86_64.manylinux_2_17_x86_64.manylinux_2_28_x86_64.whl (248 kB)
#8 7.622 Downloading urllib3-2.7.0-py3-none-any.whl (131 kB)
#8 7.653 Downloading argon2_cffi_bindings-25.1.0-cp39-abi3-manylinux_2_26_x86_64.manylinux_2_28_x86_64.whl (87 kB)
#8 7.679 Downloading pycparser-3.0-py3-none-any.whl (48 kB)
#8 7.755 Installing collected packages: passlib, webencodings, urllib3, typing-extensions, redis, python-dotenv, pyjwt, pycparser, psycopg2-binary, MarkupSafe, markdown, kyber-py, idna, h11, greenlet, dnspython, dilithium-py, click, charset_normalizer, certifi, annotated-types, annotated-doc, uvicorn, typing-inspection, sqlalchemy, requests, pydantic-core, Mako, jinja2, httpcore, email-validator, cffi, bleach, anyio, stripe, starlette, pydantic, httpx, cryptography, argon2-cffi-bindings, alembic, pydantic-settings, fastapi, argon2-cffi
#8 10.85 Successfully installed Mako-1.4.1 MarkupSafe-3.0.3 alembic-1.19.1 annotated-doc-0.0.5 annotated-types-0.8.0 anyio-4.14.2 argon2-cffi-25.1.0 argon2-cffi-bindings-25.1.0 bleach-6.4.0 certifi-2026.7.22 cffi-2.1.1 charset_normalizer-3.5.1 click-8.4.2 cryptography-50.0.0 dilithium-py-1.4.0 dnspython-2.8.0 email-validator-2.3.0 fastapi-0.141.1 greenlet-3.5.5 h11-0.16.0 httpcore-1.0.9 httpx-0.28.1 idna-3.18 jinja2-3.1.6 kyber-py-1.2.0 markdown-3.10.3 passlib-1.7.4 psycopg2-binary-2.9.12 pycparser-3.0 pydantic-2.13.4 pydantic-core-2.46.4 pydantic-settings-2.15.0 pyjwt-2.13.0 python-dotenv-1.2.3 redis-8.1.0 requests-2.34.2 sqlalchemy-2.0.52 starlette-1.6.0 stripe-15.5.0 typing-extensions-4.16.0 typing-inspection-0.4.4 urllib3-2.7.0 uvicorn-0.52.3 webencodings-0.6.1
#8 10.85 WARNING: Running pip as the 'root' user can result in broken permissions and conflicting behaviour with the system package manager, possibly rendering your system unusable. It is recommended to use a virtual environment instead: https://pip.pypa.io/warnings/venv. Use the --root-user-action option if you know what you are doing and want to suppress this warning.
#8 10.92 
#8 10.92 [notice] A new release of pip is available: 25.0.1 -> 26.2.1
#8 10.92 [notice] To update, run: pip install --upgrade pip
#8 DONE 11.3s

#9 [5/6] COPY . .
#9 DONE 0.3s

#10 [6/6] RUN useradd -m appuser && chown -R appuser /app
#10 DONE 0.5s

#11 exporting to image
#11 exporting layers
#11 exporting layers 2.4s done
#11 exporting manifest sha256:3694d69b77a4ad4ab30be208800a0d0736cff749da7434c1e0bbc304054bcc6b 0.0s done
#11 exporting config sha256:ac9e17678779ebd111900f01dd2d1c43674798e049eb81763deaea31eddcb6c4 0.0s done
#11 exporting attestation manifest sha256:c9658bf5f945c2ef2ed80830637820f346b2f5dfb3bfa03f8b8b1ec4838bcf2b 0.0s done
#11 exporting manifest list sha256:fa2db926eabcd2f78a73d718d45bb08de7d39d1d9fa5b8ccd7c20a3fac99b667 0.0s done
#11 naming to docker.io/library/scrapyard-a-sobriety:test done
#11 unpacking to docker.io/library/scrapyard-a-sobriety:test
#11 unpacking to docker.io/library/scrapyard-a-sobriety:test 1.5s done
#11 DONE 3.9s
