#0 building with "desktop-linux" instance using docker driver

#1 [internal] load build definition from Dockerfile
#1 transferring dockerfile: 679B done
#1 DONE 0.0s

#2 [internal] load metadata for docker.io/library/python:3.12-slim
#2 DONE 0.4s

#3 [internal] load .dockerignore
#3 transferring context: 114B done
#3 DONE 0.0s

#4 [1/6] FROM docker.io/library/python:3.12-slim@sha256:2c941e860699f878900b0edc2403613c234d4b32eda3cc9fa7036991a2a63c4a
#4 resolve docker.io/library/python:3.12-slim@sha256:2c941e860699f878900b0edc2403613c234d4b32eda3cc9fa7036991a2a63c4a 0.0s done
#4 DONE 0.0s

#5 [internal] load build context
#5 transferring context: 1.14MB 0.1s done
#5 DONE 0.1s

#6 [2/6] WORKDIR /app
#6 CACHED

#7 [3/6] COPY requirements.txt .
#7 DONE 0.0s

#8 [4/6] RUN pip install --no-cache-dir -r requirements.txt
#8 0.887 Collecting alembic (from -r requirements.txt (line 1))
#8 0.946   Downloading alembic-1.19.1-py3-none-any.whl.metadata (7.3 kB)
#8 0.964 Collecting bleach (from -r requirements.txt (line 2))
#8 0.975   Downloading bleach-6.4.0-py3-none-any.whl.metadata (32 kB)
#8 1.143 Collecting cryptography (from -r requirements.txt (line 3))
#8 1.153   Downloading cryptography-50.0.0-cp311-abi3-manylinux_2_34_x86_64.whl.metadata (4.3 kB)
#8 1.165 Collecting dilithium-py (from -r requirements.txt (line 4))
#8 1.179   Downloading dilithium_py-1.4.0-py3-none-any.whl.metadata (20 kB)
#8 1.203 Collecting email-validator (from -r requirements.txt (line 5))
#8 1.215   Downloading email_validator-2.3.0-py3-none-any.whl.metadata (26 kB)
#8 1.259 Collecting fastapi (from -r requirements.txt (line 6))
#8 1.272   Downloading fastapi-0.141.1-py3-none-any.whl.metadata (27 kB)
#8 1.293 Collecting jinja2 (from -r requirements.txt (line 7))
#8 1.303   Downloading jinja2-3.1.6-py3-none-any.whl.metadata (2.9 kB)
#8 1.317 Collecting kyber-py (from -r requirements.txt (line 8))
#8 1.328   Downloading kyber_py-1.2.0-py3-none-any.whl.metadata (14 kB)
#8 1.380 Collecting psycopg2-binary (from -r requirements.txt (line 10))
#8 1.391   Downloading psycopg2_binary-2.9.12-cp312-cp312-manylinux2014_x86_64.manylinux_2_17_x86_64.whl.metadata (4.9 kB)
#8 1.485 Collecting pydantic (from -r requirements.txt (line 11))
#8 1.494   Downloading pydantic-2.13.4-py3-none-any.whl.metadata (109 kB)
#8 1.533 Collecting pydantic-settings (from -r requirements.txt (line 12))
#8 1.542   Downloading pydantic_settings-2.15.0-py3-none-any.whl.metadata (3.9 kB)
#8 1.559 Collecting pyjwt (from -r requirements.txt (line 14))
#8 1.570   Downloading pyjwt-2.13.0-py3-none-any.whl.metadata (3.4 kB)
#8 1.595 Collecting redis (from -r requirements.txt (line 15))
#8 1.608   Downloading redis-8.1.0-py3-none-any.whl.metadata (16 kB)
#8 1.828 Collecting sqlalchemy (from -r requirements.txt (line 16))
#8 1.841   Downloading sqlalchemy-2.0.52-cp312-cp312-manylinux2014_x86_64.manylinux_2_17_x86_64.manylinux_2_28_x86_64.whl.metadata (9.6 kB)
#8 1.906 Collecting stripe (from -r requirements.txt (line 17))
#8 1.920   Downloading stripe-15.5.0-py3-none-any.whl.metadata (18 kB)
#8 1.952 Collecting uvicorn (from -r requirements.txt (line 18))
#8 1.962   Downloading uvicorn-0.52.3-py3-none-any.whl.metadata (6.6 kB)
#8 1.982 Collecting httpx (from -r requirements.txt (line 19))
#8 1.993   Downloading httpx-0.28.1-py3-none-any.whl.metadata (7.1 kB)
#8 2.009 Collecting passlib[argon2] (from -r requirements.txt (line 9))
#8 2.021   Downloading passlib-1.7.4-py2.py3-none-any.whl.metadata (1.7 kB)
#8 2.059 Collecting Mako (from alembic->-r requirements.txt (line 1))
#8 2.070   Downloading mako-1.4.1-py3-none-any.whl.metadata (2.9 kB)
#8 2.088 Collecting typing-extensions>=4.12 (from alembic->-r requirements.txt (line 1))
#8 2.098   Downloading typing_extensions-4.16.0-py3-none-any.whl.metadata (3.3 kB)
#8 2.111 Collecting webencodings (from bleach->-r requirements.txt (line 2))
#8 2.122   Downloading webencodings-0.6.1-py3-none-any.whl.metadata (3.4 kB)
#8 2.204 Collecting cffi>=2.0.0 (from cryptography->-r requirements.txt (line 3))
#8 2.215   Downloading cffi-2.1.1-cp312-cp312-manylinux2014_x86_64.manylinux_2_17_x86_64.whl.metadata (2.5 kB)
#8 2.233 Collecting dnspython>=2.0.0 (from email-validator->-r requirements.txt (line 5))
#8 2.243   Downloading dnspython-2.8.0-py3-none-any.whl.metadata (5.7 kB)
#8 2.261 Collecting idna>=2.0.0 (from email-validator->-r requirements.txt (line 5))
#8 2.272   Downloading idna-3.18-py3-none-any.whl.metadata (6.1 kB)
#8 2.298 Collecting starlette>=0.46.0 (from fastapi->-r requirements.txt (line 6))
#8 2.310   Downloading starlette-1.6.0-py3-none-any.whl.metadata (6.4 kB)
#8 2.329 Collecting typing-inspection>=0.4.2 (from fastapi->-r requirements.txt (line 6))
#8 2.341   Downloading typing_inspection-0.4.4-py3-none-any.whl.metadata (2.6 kB)
#8 2.353 Collecting annotated-doc>=0.0.2 (from fastapi->-r requirements.txt (line 6))
#8 2.364   Downloading annotated_doc-0.0.5-py3-none-any.whl.metadata (6.5 kB)
#8 2.414 Collecting MarkupSafe>=2.0 (from jinja2->-r requirements.txt (line 7))
#8 2.425   Downloading markupsafe-3.0.3-cp312-cp312-manylinux2014_x86_64.manylinux_2_17_x86_64.manylinux_2_28_x86_64.whl.metadata (2.7 kB)
#8 2.446 Collecting argon2-cffi>=18.2.0 (from passlib[argon2]->-r requirements.txt (line 9))
#8 2.455   Downloading argon2_cffi-25.1.0-py3-none-any.whl.metadata (4.1 kB)
#8 2.469 Collecting annotated-types>=0.6.0 (from pydantic->-r requirements.txt (line 11))
#8 2.483   Downloading annotated_types-0.8.0-py3-none-any.whl.metadata (15 kB)
#8 3.000 Collecting pydantic-core==2.46.4 (from pydantic->-r requirements.txt (line 11))
#8 3.011   Downloading pydantic_core-2.46.4-cp312-cp312-manylinux_2_17_x86_64.manylinux2014_x86_64.whl.metadata (6.6 kB)
#8 3.037 Collecting python-dotenv>=0.21.0 (from pydantic-settings->-r requirements.txt (line 12))
#8 3.046   Downloading python_dotenv-1.2.3-py3-none-any.whl.metadata (29 kB)
#8 3.165 Collecting greenlet>=1 (from sqlalchemy->-r requirements.txt (line 16))
#8 3.176   Downloading greenlet-3.5.5-cp312-cp312-manylinux_2_24_x86_64.manylinux_2_28_x86_64.whl.metadata (3.8 kB)
#8 3.205 Collecting requests>=2.20 (from stripe->-r requirements.txt (line 17))
#8 3.217   Downloading requests-2.34.2-py3-none-any.whl.metadata (4.8 kB)
#8 3.236 Collecting click>=7.0 (from uvicorn->-r requirements.txt (line 18))
#8 3.247   Downloading click-8.4.2-py3-none-any.whl.metadata (2.6 kB)
#8 3.261 Collecting h11>=0.8 (from uvicorn->-r requirements.txt (line 18))
#8 3.272   Downloading h11-0.16.0-py3-none-any.whl.metadata (8.3 kB)
#8 3.292 Collecting anyio (from httpx->-r requirements.txt (line 19))
#8 3.303   Downloading anyio-4.14.2-py3-none-any.whl.metadata (4.6 kB)
#8 3.324 Collecting certifi (from httpx->-r requirements.txt (line 19))
#8 3.352   Downloading certifi-2026.7.22-py3-none-any.whl.metadata (2.5 kB)
#8 3.372 Collecting httpcore==1.* (from httpx->-r requirements.txt (line 19))
#8 3.385   Downloading httpcore-1.0.9-py3-none-any.whl.metadata (21 kB)
#8 3.404 Collecting argon2-cffi-bindings (from argon2-cffi>=18.2.0->passlib[argon2]->-r requirements.txt (line 9))
#8 3.413   Downloading argon2_cffi_bindings-25.1.0-cp39-abi3-manylinux_2_26_x86_64.manylinux_2_28_x86_64.whl.metadata (7.4 kB)
#8 3.430 Collecting pycparser (from cffi>=2.0.0->cryptography->-r requirements.txt (line 3))
#8 3.441   Downloading pycparser-3.0-py3-none-any.whl.metadata (8.2 kB)
#8 3.539 Collecting charset_normalizer<4,>=2 (from requests>=2.20->stripe->-r requirements.txt (line 17))
#8 3.549   Downloading charset_normalizer-3.5.1-cp312-cp312-manylinux2014_x86_64.manylinux_2_17_x86_64.manylinux_2_28_x86_64.whl.metadata (45 kB)
#8 3.584 Collecting urllib3<3,>=1.26 (from requests>=2.20->stripe->-r requirements.txt (line 17))
#8 3.594   Downloading urllib3-2.7.0-py3-none-any.whl.metadata (6.9 kB)
#8 3.628 Downloading alembic-1.19.1-py3-none-any.whl (265 kB)
#8 3.676 Downloading bleach-6.4.0-py3-none-any.whl (165 kB)
#8 3.711 Downloading cryptography-50.0.0-cp311-abi3-manylinux_2_34_x86_64.whl (4.7 MB)
#8 4.446    ━━━━━━━━━━━━━━━━━━━━━━━━━━━━━━━━━━━━━━━━ 4.7/4.7 MB 6.5 MB/s eta 0:00:00
#8 4.480 Downloading dilithium_py-1.4.0-py3-none-any.whl (39 kB)
#8 4.499 Downloading email_validator-2.3.0-py3-none-any.whl (35 kB)
#8 4.512 Downloading fastapi-0.141.1-py3-none-any.whl (131 kB)
#8 4.539 Downloading jinja2-3.1.6-py3-none-any.whl (134 kB)
#8 4.569 Downloading kyber_py-1.2.0-py3-none-any.whl (33 kB)
#8 4.585 Downloading psycopg2_binary-2.9.12-cp312-cp312-manylinux2014_x86_64.manylinux_2_17_x86_64.whl (4.3 MB)
#8 5.420    ━━━━━━━━━━━━━━━━━━━━━━━━━━━━━━━━━━━━━━━━ 4.3/4.3 MB 5.0 MB/s eta 0:00:00
#8 5.434 Downloading pydantic-2.13.4-py3-none-any.whl (472 kB)
#8 5.523 Downloading pydantic_core-2.46.4-cp312-cp312-manylinux_2_17_x86_64.manylinux2014_x86_64.whl (2.1 MB)
#8 5.882    ━━━━━━━━━━━━━━━━━━━━━━━━━━━━━━━━━━━━━━━━ 2.1/2.1 MB 6.3 MB/s eta 0:00:00
#8 5.893 Downloading pydantic_settings-2.15.0-py3-none-any.whl (69 kB)
#8 5.913 Downloading pyjwt-2.13.0-py3-none-any.whl (31 kB)
#8 5.941 Downloading redis-8.1.0-py3-none-any.whl (560 kB)
#8 6.020    ━━━━━━━━━━━━━━━━━━━━━━━━━━━━━━━━━━━━━━━━ 560.6/560.6 kB 7.9 MB/s eta 0:00:00
#8 6.030 Downloading sqlalchemy-2.0.52-cp312-cp312-manylinux2014_x86_64.manylinux_2_17_x86_64.manylinux_2_28_x86_64.whl (3.4 MB)
#8 6.531    ━━━━━━━━━━━━━━━━━━━━━━━━━━━━━━━━━━━━━━━━ 3.4/3.4 MB 6.9 MB/s eta 0:00:00
#8 6.550 Downloading stripe-15.5.0-py3-none-any.whl (2.2 MB)
#8 6.871    ━━━━━━━━━━━━━━━━━━━━━━━━━━━━━━━━━━━━━━━━ 2.2/2.2 MB 6.9 MB/s eta 0:00:00
#8 6.882 Downloading uvicorn-0.52.3-py3-none-any.whl (79 kB)
#8 6.904 Downloading httpx-0.28.1-py3-none-any.whl (73 kB)
#8 6.926 Downloading httpcore-1.0.9-py3-none-any.whl (78 kB)
#8 6.954 Downloading annotated_doc-0.0.5-py3-none-any.whl (5.3 kB)
#8 6.967 Downloading annotated_types-0.8.0-py3-none-any.whl (13 kB)
#8 6.977 Downloading argon2_cffi-25.1.0-py3-none-any.whl (14 kB)
#8 6.992 Downloading cffi-2.1.1-cp312-cp312-manylinux2014_x86_64.manylinux_2_17_x86_64.whl (221 kB)
#8 7.033 Downloading click-8.4.2-py3-none-any.whl (119 kB)
#8 7.064 Downloading dnspython-2.8.0-py3-none-any.whl (331 kB)
#8 7.119 Downloading greenlet-3.5.5-cp312-cp312-manylinux_2_24_x86_64.manylinux_2_28_x86_64.whl (621 kB)
#8 7.215    ━━━━━━━━━━━━━━━━━━━━━━━━━━━━━━━━━━━━━━━━ 621.4/621.4 kB 7.6 MB/s eta 0:00:00
#8 7.225 Downloading h11-0.16.0-py3-none-any.whl (37 kB)
#8 7.245 Downloading idna-3.18-py3-none-any.whl (65 kB)
#8 7.264 Downloading markupsafe-3.0.3-cp312-cp312-manylinux2014_x86_64.manylinux_2_17_x86_64.manylinux_2_28_x86_64.whl (22 kB)
#8 7.278 Downloading python_dotenv-1.2.3-py3-none-any.whl (22 kB)
#8 7.291 Downloading requests-2.34.2-py3-none-any.whl (73 kB)
#8 7.315 Downloading certifi-2026.7.22-py3-none-any.whl (136 kB)
#8 7.344 Downloading starlette-1.6.0-py3-none-any.whl (75 kB)
#8 7.367 Downloading anyio-4.14.2-py3-none-any.whl (125 kB)
#8 7.395 Downloading typing_extensions-4.16.0-py3-none-any.whl (45 kB)
#8 7.413 Downloading typing_inspection-0.4.4-py3-none-any.whl (14 kB)
#8 7.430 Downloading mako-1.4.1-py3-none-any.whl (80 kB)
#8 7.448 Downloading passlib-1.7.4-py2.py3-none-any.whl (525 kB)
#8 7.527    ━━━━━━━━━━━━━━━━━━━━━━━━━━━━━━━━━━━━━━━━ 525.6/525.6 kB 7.8 MB/s eta 0:00:00
#8 7.538 Downloading webencodings-0.6.1-py3-none-any.whl (8.7 kB)
#8 7.549 Downloading charset_normalizer-3.5.1-cp312-cp312-manylinux2014_x86_64.manylinux_2_17_x86_64.manylinux_2_28_x86_64.whl (248 kB)
#8 7.603 Downloading urllib3-2.7.0-py3-none-any.whl (131 kB)
#8 7.634 Downloading argon2_cffi_bindings-25.1.0-cp39-abi3-manylinux_2_26_x86_64.manylinux_2_28_x86_64.whl (87 kB)
#8 7.657 Downloading pycparser-3.0-py3-none-any.whl (48 kB)
#8 7.732 Installing collected packages: passlib, webencodings, urllib3, typing-extensions, redis, python-dotenv, pyjwt, pycparser, psycopg2-binary, MarkupSafe, kyber-py, idna, h11, greenlet, dnspython, dilithium-py, click, charset_normalizer, certifi, annotated-types, annotated-doc, uvicorn, typing-inspection, sqlalchemy, requests, pydantic-core, Mako, jinja2, httpcore, email-validator, cffi, bleach, anyio, stripe, starlette, pydantic, httpx, cryptography, argon2-cffi-bindings, alembic, pydantic-settings, fastapi, argon2-cffi
#8 10.70 Successfully installed Mako-1.4.1 MarkupSafe-3.0.3 alembic-1.19.1 annotated-doc-0.0.5 annotated-types-0.8.0 anyio-4.14.2 argon2-cffi-25.1.0 argon2-cffi-bindings-25.1.0 bleach-6.4.0 certifi-2026.7.22 cffi-2.1.1 charset_normalizer-3.5.1 click-8.4.2 cryptography-50.0.0 dilithium-py-1.4.0 dnspython-2.8.0 email-validator-2.3.0 fastapi-0.141.1 greenlet-3.5.5 h11-0.16.0 httpcore-1.0.9 httpx-0.28.1 idna-3.18 jinja2-3.1.6 kyber-py-1.2.0 passlib-1.7.4 psycopg2-binary-2.9.12 pycparser-3.0 pydantic-2.13.4 pydantic-core-2.46.4 pydantic-settings-2.15.0 pyjwt-2.13.0 python-dotenv-1.2.3 redis-8.1.0 requests-2.34.2 sqlalchemy-2.0.52 starlette-1.6.0 stripe-15.5.0 typing-extensions-4.16.0 typing-inspection-0.4.4 urllib3-2.7.0 uvicorn-0.52.3 webencodings-0.6.1
#8 10.70 WARNING: Running pip as the 'root' user can result in broken permissions and conflicting behaviour with the system package manager, possibly rendering your system unusable. It is recommended to use a virtual environment instead: https://pip.pypa.io/warnings/venv. Use the --root-user-action option if you know what you are doing and want to suppress this warning.
#8 10.77 
#8 10.77 [notice] A new release of pip is available: 25.0.1 -> 26.2.1
#8 10.77 [notice] To update, run: pip install --upgrade pip
#8 DONE 11.0s

#9 [5/6] COPY . .
#9 DONE 0.1s

#10 [6/6] RUN useradd -m appuser && chown -R appuser /app
#10 DONE 0.6s

#11 exporting to image
#11 exporting layers
#11 exporting layers 2.3s done
#11 exporting manifest sha256:243ae49dc64177bcd2f6141d1ecc630391a67a016b6b1d13982a69567fe91ed2 0.0s done
#11 exporting config sha256:6016ec48ef53be26ccc21326c4c1eb7345aa1803aa3783fc742ebd866a7bc751 0.0s done
#11 exporting attestation manifest sha256:4923dc00ad05443c99072d3c791791dbc88ac176747b1062172eb2dec2b07f55 0.0s done
#11 exporting manifest list sha256:0b711bd57ef5266a10dc21dafc1072700bd0efc4a999c1f705023c4690f29f26 0.0s done
#11 naming to docker.io/library/scrapyard-b-healthcare:test done
#11 unpacking to docker.io/library/scrapyard-b-healthcare:test
#11 unpacking to docker.io/library/scrapyard-b-healthcare:test 1.2s done
#11 DONE 3.6s
