Obtaining file:///C:/Users/andre/Downloads/factory/scrapyard-factory-test
  Installing build dependencies: started
  Installing build dependencies: finished with status 'done'
  Checking if build backend supports build_editable: started
  Checking if build backend supports build_editable: finished with status 'done'
  Getting requirements to build editable: started
  Getting requirements to build editable: finished with status 'done'
  Preparing editable metadata (pyproject.toml): started
  Preparing editable metadata (pyproject.toml): finished with status 'done'
Requirement already satisfied: pyarrow in c:\users\andre\appdata\local\programs\python\python312\lib\site-packages (from scrapyard-parts==0.1.0) (24.0.0)
Requirement already satisfied: openpyxl in c:\users\andre\appdata\local\programs\python\python312\lib\site-packages (from scrapyard-parts==0.1.0) (3.1.5)
Requirement already satisfied: jsonschema in c:\users\andre\appdata\local\programs\python\python312\lib\site-packages (from scrapyard-parts==0.1.0) (4.25.1)
Requirement already satisfied: bcrypt in c:\users\andre\appdata\local\programs\python\python312\lib\site-packages (from scrapyard-parts==0.1.0) (5.0.0)
Requirement already satisfied: alembic in c:\users\andre\appdata\local\programs\python\python312\lib\site-packages (from scrapyard-parts==0.1.0) (1.18.4)
Collecting authlib (from scrapyard-parts==0.1.0)
  Downloading authlib-1.7.2-py2.py3-none-any.whl.metadata (10 kB)
Requirement already satisfied: babel in c:\users\andre\appdata\local\programs\python\python312\lib\site-packages (from scrapyard-parts==0.1.0) (2.18.0)
Requirement already satisfied: bleach in c:\users\andre\appdata\local\programs\python\python312\lib\site-packages (from scrapyard-parts==0.1.0) (6.4.0)
Requirement already satisfied: cryptography in c:\users\andre\appdata\local\programs\python\python312\lib\site-packages (from scrapyard-parts==0.1.0) (49.0.0)
Requirement already satisfied: dilithium-py in c:\users\andre\appdata\local\programs\python\python312\lib\site-packages (from scrapyard-parts==0.1.0) (1.4.0)
Requirement already satisfied: email-validator in c:\users\andre\appdata\local\programs\python\python312\lib\site-packages (from scrapyard-parts==0.1.0) (2.3.0)
Requirement already satisfied: fastapi in c:\users\andre\appdata\local\programs\python\python312\lib\site-packages (from scrapyard-parts==0.1.0) (0.136.1)
Requirement already satisfied: httpx in c:\users\andre\appdata\local\programs\python\python312\lib\site-packages (from scrapyard-parts==0.1.0) (0.27.2)
Requirement already satisfied: itsdangerous in c:\users\andre\appdata\local\programs\python\python312\lib\site-packages (from scrapyard-parts==0.1.0) (2.2.0)
Requirement already satisfied: jinja2 in c:\users\andre\appdata\local\programs\python\python312\lib\site-packages (from scrapyard-parts==0.1.0) (3.1.6)
Requirement already satisfied: kyber-py in c:\users\andre\appdata\local\programs\python\python312\lib\site-packages (from scrapyard-parts==0.1.0) (1.2.0)
Requirement already satisfied: markdown in c:\users\andre\appdata\local\programs\python\python312\lib\site-packages (from scrapyard-parts==0.1.0) (3.10.2)
Requirement already satisfied: matplotlib in c:\users\andre\appdata\local\programs\python\python312\lib\site-packages (from scrapyard-parts==0.1.0) (3.10.6)
Requirement already satisfied: numpy in c:\users\andre\appdata\local\programs\python\python312\lib\site-packages (from scrapyard-parts==0.1.0) (1.26.4)
Requirement already satisfied: onnx in c:\users\andre\appdata\local\programs\python\python312\lib\site-packages (from scrapyard-parts==0.1.0) (1.22.0)
Requirement already satisfied: opentelemetry-api in c:\users\andre\appdata\local\programs\python\python312\lib\site-packages (from scrapyard-parts==0.1.0) (1.37.0)
Requirement already satisfied: opentelemetry-sdk in c:\users\andre\appdata\local\programs\python\python312\lib\site-packages (from scrapyard-parts==0.1.0) (1.37.0)
Requirement already satisfied: pandas in c:\users\andre\appdata\local\programs\python\python312\lib\site-packages (from scrapyard-parts==0.1.0) (3.0.3)
Requirement already satisfied: passlib[argon2] in c:\users\andre\appdata\local\programs\python\python312\lib\site-packages (from scrapyard-parts==0.1.0) (1.7.4)
Requirement already satisfied: pillow in c:\users\andre\appdata\local\programs\python\python312\lib\site-packages (from scrapyard-parts==0.1.0) (12.2.0)
Requirement already satisfied: psutil in c:\users\andre\appdata\local\programs\python\python312\lib\site-packages (from scrapyard-parts==0.1.0) (7.2.2)
Requirement already satisfied: psycopg2-binary in c:\users\andre\appdata\local\programs\python\python312\lib\site-packages (from scrapyard-parts==0.1.0) (2.9.12)
Requirement already satisfied: pydantic in c:\users\andre\appdata\local\programs\python\python312\lib\site-packages (from scrapyard-parts==0.1.0) (2.13.3)
Requirement already satisfied: pydantic-settings in c:\users\andre\appdata\local\programs\python\python312\lib\site-packages (from scrapyard-parts==0.1.0) (2.14.1)
Requirement already satisfied: pyjwt in c:\users\andre\appdata\local\programs\python\python312\lib\site-packages (from scrapyard-parts==0.1.0) (2.13.0)
Requirement already satisfied: pypdf in c:\users\andre\appdata\local\programs\python\python312\lib\site-packages (from scrapyard-parts==0.1.0) (4.3.1)
Collecting pyproj (from scrapyard-parts==0.1.0)
  Downloading pyproj-3.7.2-cp312-cp312-win_amd64.whl.metadata (31 kB)
Requirement already satisfied: python-hcl2 in c:\users\andre\appdata\local\programs\python\python312\lib\site-packages (from scrapyard-parts==0.1.0) (8.1.2)
Requirement already satisfied: pyyaml in c:\users\andre\appdata\local\programs\python\python312\lib\site-packages (from scrapyard-parts==0.1.0) (6.0.3)
Requirement already satisfied: redis in c:\users\andre\appdata\local\programs\python\python312\lib\site-packages (from scrapyard-parts==0.1.0) (8.0.0)
Requirement already satisfied: requests in c:\users\andre\appdata\local\programs\python\python312\lib\site-packages (from scrapyard-parts==0.1.0) (2.33.1)
Requirement already satisfied: scikit-learn in c:\users\andre\appdata\local\programs\python\python312\lib\site-packages (from scrapyard-parts==0.1.0) (1.8.0)
Requirement already satisfied: selenium in c:\users\andre\appdata\local\programs\python\python312\lib\site-packages (from scrapyard-parts==0.1.0) (4.45.0)
Requirement already satisfied: sentry-sdk in c:\users\andre\appdata\local\programs\python\python312\lib\site-packages (from scrapyard-parts==0.1.0) (2.62.0)
Requirement already satisfied: sqlalchemy in c:\users\andre\appdata\local\programs\python\python312\lib\site-packages (from scrapyard-parts==0.1.0) (2.0.50)
Requirement already satisfied: stripe in c:\users\andre\appdata\local\programs\python\python312\lib\site-packages (from scrapyard-parts==0.1.0) (15.1.0)
Requirement already satisfied: torch in c:\users\andre\appdata\local\programs\python\python312\lib\site-packages (from scrapyard-parts==0.1.0) (2.12.0.dev20260408+cu128)
Requirement already satisfied: uvicorn in c:\users\andre\appdata\local\programs\python\python312\lib\site-packages (from scrapyard-parts==0.1.0) (0.46.0)
Requirement already satisfied: Mako in c:\users\andre\appdata\local\programs\python\python312\lib\site-packages (from alembic->scrapyard-parts==0.1.0) (1.3.12)
Requirement already satisfied: typing-extensions>=4.12 in c:\users\andre\appdata\local\programs\python\python312\lib\site-packages (from alembic->scrapyard-parts==0.1.0) (4.15.0)
Requirement already satisfied: greenlet>=1 in c:\users\andre\appdata\local\programs\python\python312\lib\site-packages (from sqlalchemy->scrapyard-parts==0.1.0) (3.5.1)
Collecting joserfc>=1.6.0 (from authlib->scrapyard-parts==0.1.0)
  Downloading joserfc-1.7.4-py3-none-any.whl.metadata (3.1 kB)
Requirement already satisfied: webencodings in c:\users\andre\appdata\local\programs\python\python312\lib\site-packages (from bleach->scrapyard-parts==0.1.0) (0.5.1)
Requirement already satisfied: cffi>=2.0.0 in c:\users\andre\appdata\local\programs\python\python312\lib\site-packages (from cryptography->scrapyard-parts==0.1.0) (2.0.0)
Requirement already satisfied: dnspython>=2.0.0 in c:\users\andre\appdata\local\programs\python\python312\lib\site-packages (from email-validator->scrapyard-parts==0.1.0) (2.8.0)
Requirement already satisfied: idna>=2.0.0 in c:\users\andre\appdata\local\programs\python\python312\lib\site-packages (from email-validator->scrapyard-parts==0.1.0) (3.13)
Requirement already satisfied: starlette>=0.46.0 in c:\users\andre\appdata\local\programs\python\python312\lib\site-packages (from fastapi->scrapyard-parts==0.1.0) (0.52.1)
Requirement already satisfied: typing-inspection>=0.4.2 in c:\users\andre\appdata\local\programs\python\python312\lib\site-packages (from fastapi->scrapyard-parts==0.1.0) (0.4.2)
Requirement already satisfied: annotated-doc>=0.0.2 in c:\users\andre\appdata\local\programs\python\python312\lib\site-packages (from fastapi->scrapyard-parts==0.1.0) (0.0.4)
Requirement already satisfied: annotated-types>=0.6.0 in c:\users\andre\appdata\local\programs\python\python312\lib\site-packages (from pydantic->scrapyard-parts==0.1.0) (0.7.0)
Requirement already satisfied: pydantic-core==2.46.3 in c:\users\andre\appdata\local\programs\python\python312\lib\site-packages (from pydantic->scrapyard-parts==0.1.0) (2.46.3)
Requirement already satisfied: anyio in c:\users\andre\appdata\local\programs\python\python312\lib\site-packages (from httpx->scrapyard-parts==0.1.0) (4.13.0)
Requirement already satisfied: certifi in c:\users\andre\appdata\local\programs\python\python312\lib\site-packages (from httpx->scrapyard-parts==0.1.0) (2026.4.22)
Requirement already satisfied: httpcore==1.* in c:\users\andre\appdata\local\programs\python\python312\lib\site-packages (from httpx->scrapyard-parts==0.1.0) (1.0.9)
Requirement already satisfied: sniffio in c:\users\andre\appdata\local\programs\python\python312\lib\site-packages (from httpx->scrapyard-parts==0.1.0) (1.3.1)
Requirement already satisfied: h11>=0.16 in c:\users\andre\appdata\local\programs\python\python312\lib\site-packages (from httpcore==1.*->httpx->scrapyard-parts==0.1.0) (0.16.0)
Requirement already satisfied: MarkupSafe>=2.0 in c:\users\andre\appdata\local\programs\python\python312\lib\site-packages (from jinja2->scrapyard-parts==0.1.0) (3.0.2)
Requirement already satisfied: attrs>=22.2.0 in c:\users\andre\appdata\local\programs\python\python312\lib\site-packages (from jsonschema->scrapyard-parts==0.1.0) (26.1.0)
Requirement already satisfied: jsonschema-specifications>=2023.03.6 in c:\users\andre\appdata\local\programs\python\python312\lib\site-packages (from jsonschema->scrapyard-parts==0.1.0) (2025.9.1)
Requirement already satisfied: referencing>=0.28.4 in c:\users\andre\appdata\local\programs\python\python312\lib\site-packages (from jsonschema->scrapyard-parts==0.1.0) (0.37.0)
Requirement already satisfied: rpds-py>=0.7.1 in c:\users\andre\appdata\local\programs\python\python312\lib\site-packages (from jsonschema->scrapyard-parts==0.1.0) (0.30.0)
Requirement already satisfied: contourpy>=1.0.1 in c:\users\andre\appdata\local\programs\python\python312\lib\site-packages (from matplotlib->scrapyard-parts==0.1.0) (1.3.3)
Requirement already satisfied: cycler>=0.10 in c:\users\andre\appdata\local\programs\python\python312\lib\site-packages (from matplotlib->scrapyard-parts==0.1.0) (0.12.1)
Requirement already satisfied: fonttools>=4.22.0 in c:\users\andre\appdata\local\programs\python\python312\lib\site-packages (from matplotlib->scrapyard-parts==0.1.0) (4.63.0)
Requirement already satisfied: kiwisolver>=1.3.1 in c:\users\andre\appdata\local\programs\python\python312\lib\site-packages (from matplotlib->scrapyard-parts==0.1.0) (1.5.0)
Requirement already satisfied: packaging>=20.0 in c:\users\andre\appdata\local\programs\python\python312\lib\site-packages (from matplotlib->scrapyard-parts==0.1.0) (26.2)
Requirement already satisfied: pyparsing>=2.3.1 in c:\users\andre\appdata\local\programs\python\python312\lib\site-packages (from matplotlib->scrapyard-parts==0.1.0) (2.4.7)
Requirement already satisfied: python-dateutil>=2.7 in c:\users\andre\appdata\local\programs\python\python312\lib\site-packages (from matplotlib->scrapyard-parts==0.1.0) (2.9.0.post0)
Requirement already satisfied: protobuf>=4.25.1 in c:\users\andre\appdata\local\programs\python\python312\lib\site-packages (from onnx->scrapyard-parts==0.1.0) (6.33.6)
Requirement already satisfied: ml_dtypes>=0.5.4 in c:\users\andre\appdata\local\programs\python\python312\lib\site-packages (from onnx->scrapyard-parts==0.1.0) (0.5.4)
Requirement already satisfied: et-xmlfile in c:\users\andre\appdata\local\programs\python\python312\lib\site-packages (from openpyxl->scrapyard-parts==0.1.0) (2.0.0)
Requirement already satisfied: importlib-metadata<8.8.0,>=6.0 in c:\users\andre\appdata\local\programs\python\python312\lib\site-packages (from opentelemetry-api->scrapyard-parts==0.1.0) (8.7.1)
Requirement already satisfied: opentelemetry-semantic-conventions==0.58b0 in c:\users\andre\appdata\local\programs\python\python312\lib\site-packages (from opentelemetry-sdk->scrapyard-parts==0.1.0) (0.58b0)
Requirement already satisfied: tzdata in c:\users\andre\appdata\local\programs\python\python312\lib\site-packages (from pandas->scrapyard-parts==0.1.0) (2026.2)
Requirement already satisfied: argon2-cffi>=18.2.0 in c:\users\andre\appdata\local\programs\python\python312\lib\site-packages (from passlib[argon2]; extra == "dev"->scrapyard-parts==0.1.0) (25.1.0)
Requirement already satisfied: python-dotenv>=0.21.0 in c:\users\andre\appdata\local\programs\python\python312\lib\site-packages (from pydantic-settings->scrapyard-parts==0.1.0) (1.2.2)
Requirement already satisfied: lark<2.0,>=1.1.5 in c:\users\andre\appdata\local\programs\python\python312\lib\site-packages (from python-hcl2->scrapyard-parts==0.1.0) (1.3.1)
Requirement already satisfied: regex>=2024.4.16 in c:\users\andre\appdata\local\programs\python\python312\lib\site-packages (from python-hcl2->scrapyard-parts==0.1.0) (2026.5.9)
Requirement already satisfied: charset_normalizer<4,>=2 in c:\users\andre\appdata\local\programs\python\python312\lib\site-packages (from requests->scrapyard-parts==0.1.0) (3.4.7)
Requirement already satisfied: urllib3<3,>=1.26 in c:\users\andre\appdata\local\programs\python\python312\lib\site-packages (from requests->scrapyard-parts==0.1.0) (2.6.3)
Requirement already satisfied: scipy>=1.10.0 in c:\users\andre\appdata\local\programs\python\python312\lib\site-packages (from scikit-learn->scrapyard-parts==0.1.0) (1.17.1)
Requirement already satisfied: joblib>=1.3.0 in c:\users\andre\appdata\local\programs\python\python312\lib\site-packages (from scikit-learn->scrapyard-parts==0.1.0) (1.5.3)
Requirement already satisfied: threadpoolctl>=3.2.0 in c:\users\andre\appdata\local\programs\python\python312\lib\site-packages (from scikit-learn->scrapyard-parts==0.1.0) (3.6.0)
Requirement already satisfied: trio<1.0,>=0.31.0 in c:\users\andre\appdata\local\programs\python\python312\lib\site-packages (from selenium->scrapyard-parts==0.1.0) (0.33.0)
Requirement already satisfied: trio-websocket<1.0,>=0.12.2 in c:\users\andre\appdata\local\programs\python\python312\lib\site-packages (from selenium->scrapyard-parts==0.1.0) (0.12.2)
Requirement already satisfied: websocket-client<2.0,>=1.8.0 in c:\users\andre\appdata\local\programs\python\python312\lib\site-packages (from selenium->scrapyard-parts==0.1.0) (1.9.0)
Requirement already satisfied: filelock in c:\users\andre\appdata\local\programs\python\python312\lib\site-packages (from torch->scrapyard-parts==0.1.0) (3.29.4)
Requirement already satisfied: setuptools<82 in c:\users\andre\appdata\local\programs\python\python312\lib\site-packages (from torch->scrapyard-parts==0.1.0) (78.1.0)
Requirement already satisfied: sympy>=1.13.3 in c:\users\andre\appdata\local\programs\python\python312\lib\site-packages (from torch->scrapyard-parts==0.1.0) (1.14.0)
Requirement already satisfied: networkx>=2.5.1 in c:\users\andre\appdata\local\programs\python\python312\lib\site-packages (from torch->scrapyard-parts==0.1.0) (3.6.1)
Requirement already satisfied: fsspec>=0.8.5 in c:\users\andre\appdata\local\programs\python\python312\lib\site-packages (from torch->scrapyard-parts==0.1.0) (2026.4.0)
Requirement already satisfied: click>=7.0 in c:\users\andre\appdata\local\programs\python\python312\lib\site-packages (from uvicorn->scrapyard-parts==0.1.0) (8.4.2)
Requirement already satisfied: argon2-cffi-bindings in c:\users\andre\appdata\local\programs\python\python312\lib\site-packages (from argon2-cffi>=18.2.0->passlib[argon2]; extra == "dev"->scrapyard-parts==0.1.0) (25.1.0)
Requirement already satisfied: pycparser in c:\users\andre\appdata\local\programs\python\python312\lib\site-packages (from cffi>=2.0.0->cryptography->scrapyard-parts==0.1.0) (3.0)
Requirement already satisfied: colorama in c:\users\andre\appdata\local\programs\python\python312\lib\site-packages (from click>=7.0->uvicorn->scrapyard-parts==0.1.0) (0.4.6)
Requirement already satisfied: zipp>=3.20 in c:\users\andre\appdata\local\programs\python\python312\lib\site-packages (from importlib-metadata<8.8.0,>=6.0->opentelemetry-api->scrapyard-parts==0.1.0) (3.23.1)
Requirement already satisfied: six>=1.5 in c:\users\andre\appdata\local\programs\python\python312\lib\site-packages (from python-dateutil>=2.7->matplotlib->scrapyard-parts==0.1.0) (1.17.0)
Requirement already satisfied: mpmath<1.4,>=1.1.0 in c:\users\andre\appdata\local\programs\python\python312\lib\site-packages (from sympy>=1.13.3->torch->scrapyard-parts==0.1.0) (1.3.0)
Requirement already satisfied: sortedcontainers in c:\users\andre\appdata\local\programs\python\python312\lib\site-packages (from trio<1.0,>=0.31.0->selenium->scrapyard-parts==0.1.0) (2.4.0)
Requirement already satisfied: outcome in c:\users\andre\appdata\local\programs\python\python312\lib\site-packages (from trio<1.0,>=0.31.0->selenium->scrapyard-parts==0.1.0) (1.3.0.post0)
Requirement already satisfied: wsproto>=0.14 in c:\users\andre\appdata\local\programs\python\python312\lib\site-packages (from trio-websocket<1.0,>=0.12.2->selenium->scrapyard-parts==0.1.0) (1.3.2)
Requirement already satisfied: pysocks!=1.5.7,<2.0,>=1.5.6 in c:\users\andre\appdata\local\programs\python\python312\lib\site-packages (from urllib3[socks]<3.0,>=2.6.3->selenium->scrapyard-parts==0.1.0) (1.7.1)
Downloading authlib-1.7.2-py2.py3-none-any.whl (259 kB)
Downloading pyproj-3.7.2-cp312-cp312-win_amd64.whl (6.3 MB)
   ---------------------------------------- 6.3/6.3 MB 5.9 MB/s eta 0:00:00
Downloading joserfc-1.7.4-py3-none-any.whl (71 kB)
Building wheels for collected packages: scrapyard-parts
  Building editable for scrapyard-parts (pyproject.toml): started
  Building editable for scrapyard-parts (pyproject.toml): finished with status 'done'
  Created wheel for scrapyard-parts: filename=scrapyard_parts-0.1.0-0.editable-py3-none-any.whl size=7825 sha256=293820708d227cf3f2ebc39a25bf0ef96c4779a2e86a4701dd637f1556b96d8a
  Stored in directory: C:\Users\andre\AppData\Local\Temp\pip-ephem-wheel-cache-e31dwk56\wheels\17\3a\42\cf4370deb839fd2d941abf49be9c0d77f4257c17f45a9bb95d
Successfully built scrapyard-parts
Installing collected packages: scrapyard-parts, pyproj, joserfc, authlib
Successfully installed authlib-1.7.2 joserfc-1.7.4 pyproj-3.7.2 scrapyard-parts-0.1.0

[notice] A new release of pip is available: 25.0.1 -> 26.2.1
[notice] To update, run: C:\Users\andre\AppData\Local\Programs\Python\Python312\python.exe -m pip install --upgrade pip
